// Jest Snapshot v1, https://goo.gl/fbAQLP

exports[`renders without crashing 1`] = `
<div
  class="AddressField"
>
  <label
    class="AddressField-Label"
    for="address"
  >
    Enter address
  </label>
  <input
    class="AddressField-Input"
    id="address"
    type="text"
    value=""
  >
    
  </input>
</div>
`;
