// Jest Snapshot v1, https://goo.gl/fbAQLP

exports[`renders without crashing 1`] = `
<div
  class="App"
>
  <div
    class="Landing"
  >
    <header
      class="Header"
    >
      <h2>
        PolySwarm Relay
      </h2>
    </header>
    <div
      class="Landing-Content"
    >
      <h2>
        0x6322c188b4b353acb89c0db66672f0bac421c9e8
      </h2>
      <div
        class="Landing-Chain"
      >
        <div
          class="ChainInfo"
        >
          <div
            class="ChainInfo-Title"
          >
            <h2>
              Before Transfer
            </h2>
          </div>
          <div
            class="ChainInfo-Content"
          >
            <p>
              
            </p>
            <ul>
              <li>
                <b>
                  Mainnet
                </b>
                : 10
              </li>
              <li>
                <b>
                  PolySwarm Sidechain
                </b>
                : 10
              </li>
            </ul>
          </div>
        </div>
        <div
          class="ChainInfo"
        >
          <div
            class="ChainInfo-Title"
          >
            <h2>
              After Transfer
            </h2>
          </div>
          <div
            class="ChainInfo-Content"
          >
            <p>
              
            </p>
            <ul>
              <li>
                <b>
                  Mainnet
                </b>
                : 10
              </li>
              <li>
                <b>
                  PolySwarm Sidechain
                </b>
                : 10
              </li>
            </ul>
          </div>
        </div>
      </div>
      <div
        class="Landing-Nectar"
      >
        <div
          class="NectarField"
        >
          <label
            class="NectarField-Label"
            for="nectar"
          >
            Amount of Nectar
          </label>
          <input
            class="NectarField-Input"
            id="nectar"
            type="number"
            value=""
          >
            
          </input>
        </div>
        <button
          class="Button"
        >
          Transfer!
        </button>
      </div>
    </div>
  </div>
</div>
`;
