// Jest Snapshot v1, https://goo.gl/fbAQLP

exports[`renders without crashing 1`] = `
<div
  class="App"
>
  <div
    class="Landing"
  >
    <header
      class="Header"
    >
      <h2>
        PolySwarm Relay
      </h2>
    </header>
    <div
      class="Landing-Content"
    >
      <div
        class="Landing-Chain"
      >
        <div
          class="ChainInfo"
        >
          <h3>
            Mainnet
          </h3>
          <p>
            Current Balance
          </p>
          <p>
            10
          </p>
          <p>
            Balance after Transfer
          </p>
          <p
            class="Balance Sender"
          >
            9.5
          </p>
        </div>
        <div
          class="ChainInfo"
        >
          <h3>
            PolySwarm sidechain
          </h3>
          <p>
            Current Balance
          </p>
          <p>
            0
          </p>
          <p>
            Balance after Transfer
          </p>
          <p
            class="Balance"
          >
            0.5
          </p>
        </div>
      </div>
      <div
        class="Landing-Nectar"
      >
        <div
          class="NectarField"
        >
          <label
            class="NectarField-Label"
            for="nectar"
          >
            Enter nectar
          </label>
          <input
            class="NectarField-Input"
            id="nectar"
            type="number"
            value=""
          >
            
          </input>
        </div>
        <button
          class="Button"
        >
          Transfer!
        </button>
      </div>
    </div>
  </div>
</div>
`;
