// Jest Snapshot v1, https://goo.gl/fbAQLP

exports[`renders without crashing 1`] = `
<div
  class="Landing"
>
  <header
    class="Header"
  >
    <h2>
      PolySwarm Relay
    </h2>
  </header>
  <div
    class="Landing-Content"
  >
    <div
      class="Landing-Chain"
    >
      <div
        class="ChainInfo Source"
      >
        <h2>
          Mainnet
        </h2>
        <p>
          Current Balance: 10
        </p>
        <p>
          Balance after Transfer: 9.5
        </p>
      </div>
      <div
        class="ChainInfo"
      >
        <h2>
          PolySwarm sidechain
        </h2>
        <p>
          Current Balance: 0
        </p>
        <p>
          Balance after Transfer: 0.5
        </p>
      </div>
    </div>
    <div
      class="Landing-Nectar"
    >
      <div
        class="NectarField"
      >
        <label
          class="NectarField-Label"
          for="nectar"
        >
          Enter nectar
        </label>
        <input
          class="NectarField-Input"
          id="nectar"
          type="number"
          value=""
        >
          
        </input>
      </div>
      <button
        class="Button"
      >
        Transfer!
      </button>
    </div>
  </div>
</div>
`;
