// Jest Snapshot v1, https://goo.gl/fbAQLP

exports[`renders without crashing 1`] = `
<div
  class="Landing"
>
  <header
    class="Header"
  >
    <h2>
      PolySwarm Relay
    </h2>
  </header>
  <div
    class="Landing-Content"
  >
    <h2>
      
    </h2>
    <div
      class="Landing-Chain"
    >
      <div
        class="ChainInfo"
      >
        <div
          class="ChainInfo-Title"
        >
          <h2>
            Before Transfer
          </h2>
        </div>
        <div
          class="ChainInfo-Content"
        >
          <p>
            
          </p>
          <ul>
            <li>
              <b>
                asdf
              </b>
              : 1
            </li>
            <li>
              <b>
                asdf
              </b>
              : 1
            </li>
          </ul>
        </div>
      </div>
      <div
        class="ChainInfo"
      >
        <div
          class="ChainInfo-Title"
        >
          <h2>
            After Transfer
          </h2>
        </div>
        <div
          class="ChainInfo-Content"
        >
          <p>
            
          </p>
          <ul>
            <li>
              <b>
                asdf
              </b>
              : 0.5
            </li>
            <li>
              <b>
                asdf
              </b>
              : 1.5
            </li>
          </ul>
        </div>
      </div>
    </div>
    <div
      class="Landing-Nectar"
    >
      <div
        class="Dropdown"
      >
        <p
          class="Dropdown-Selection"
        >
          Deposit
        </p>
        <div
          class="Dropdown-Choices"
        >
          <p>
            Deposit
          </p>
          <p>
            Withdraw
          </p>
        </div>
      </div>
      <div
        class="NectarField"
      >
        <label
          class="NectarField-Label"
          for="nectar"
        >
          Amount of Nectar
        </label>
        <input
          class="NectarField-Input"
          id="nectar"
          type="number"
          value=""
        >
          
        </input>
      </div>
      <button
        class="Button"
      >
        Transfer!
      </button>
    </div>
  </div>
</div>
`;
