// Jest Snapshot v1, https://goo.gl/fbAQLP

exports[`renders without crashing 1`] = `
<div
  class="Landing"
>
  <div
    class="Landing-Background"
  >
    
  </div>
  <div
    class="Landing-Content"
  >
    <h1>
      PolySwarm Relay
    </h1>
    <div
      class="Landing-nectar"
    >
      <div
        class="NectarField"
      >
        <label
          class="NectarField-Label"
          for="nectar"
        >
          Enter nectar
        </label>
        <input
          class="NectarField-Input"
          id="nectar"
          type="text"
          value=""
        >
          
        </input>
      </div>
      <button
        class="Button"
        disabled=""
      >
        Go!
      </button>
    </div>
  </div>
</div>
`;
