// Jest Snapshot v1, https://goo.gl/fbAQLP

exports[`renders without crashing 1`] = `
<div
  class="NectarField"
>
  <label
    class="NectarField-Label"
    for="nectar"
  >
    Enter nectar
  </label>
  <input
    class="NectarField-Input"
    id="nectar"
    type="number"
    value=""
  >
    
  </input>
</div>
`;
