// Jest Snapshot v1, https://goo.gl/fbAQLP

exports[`renders without crashing 1`] = `
<div
  class="Transfer"
>
  <header
    class="Header"
  >
    PolySwarm Relay
  </header>
  <div
    class="Transfer-Content"
  >
    <div
      class="NectarField"
    >
      <label
        class="NectarField-Label"
        for="nectar"
      >
        Enter nectar
      </label>
      <input
        class="NectarField-Input"
        id="nectar"
        type="text"
        value=""
      >
        
      </input>
    </div>
    <div>
      <div>
        
      </div>
      <div>
        
      </div>
    </div>
    <div>
      
    </div>
  </div>
</div>
`;
