// Jest Snapshot v1, https://goo.gl/fbAQLP

exports[`renders without crashing 1`] = `
<div
  class="Bounty-Info"
>
  <header
    class="Header"
  >
    <div
      class="Header-Row"
    >
      <div
        class="Header-Title"
      >
        <img
          alt="PolySwarm logo"
          class="Header-Logo"
          src="../public/img/back-arrow.svg"
        >
          
        </img>
        <h3>
          
        </h3>
        <span
          class="RequestSpinner"
        >
          
        </span>
      </div>
      <div
        class="Header-Actions"
      >
        
      </div>
    </div>
    <div
      class="Header-Address"
    >
      <p
        class="Header-Divided"
        style="font-size:7.0588235294117645vw"
      >
        author
      </p>
      <p
        class="Header-Divided"
        style="font-size:7.0588235294117645vw"
      >
        1 NCT 
      </p>
      <p
        style="font-size:7.0588235294117645vw"
      >
        1 ETH
      </p>
    </div>
  </header>
  <div
    class="Bounty-Info-Container"
  >
    <div
      class="BountySummary"
    >
      <li
        class="StatRow-Vertical"
      >
        <p
          class="StatTitle"
        >
          Posted By:
        </p>
        <p
          class="StatContent"
        >
          
        </p>
      </li>
      <li
        class="StatRow-Vertical"
      >
        <p
          class="StatTitle"
        >
          Resolved:
        </p>
        <p
          class="StatContent"
        >
          No
        </p>
      </li>
      <li
        class="StatRow-Vertical"
      >
        <p
          class="StatTitle"
        >
          Expired:
        </p>
        <p
          class="StatContent"
        >
          No
        </p>
      </li>
      <li
        class="StatRow-Vertical"
      >
        <p
          class="StatTitle"
        >
          Reward:
        </p>
        <p
          class="StatContent"
        >
          undefined Nectar (NCT)
        </p>
      </li>
      <li
        class="StatRow-Vertical"
      >
        <p
          class="StatTitle"
        >
          Assertions:
        </p>
        <p
          class="StatContent"
        >
          0
        </p>
      </li>
      <li
        class="StatRow-Vertical"
      >
        <p
          class="StatTitle"
        >
          IPFS Uri
        </p>
        <p
          class="StatContent"
        >
          
        </p>
      </li>
    </div>
    <div
      class="AssertionList"
    >
      <ul>
        
      </ul>
      <div
        class="Assertion-Placeholder"
      >
        <h3>
          No experts have posted any assertions. Waiting for results.
        </h3>
      </div>
    </div>
  </div>
</div>
`;
