// Jest Snapshot v1, https://goo.gl/fbAQLP

exports[`renders without crashing 1`] = `
<div
  class="Bounty-Info"
>
  <div
    class="Bounty-Info-Container"
  >
    <div
      class="BountySummary"
    >
      
    </div>
    <div
      class="AssertionList"
    >
      <ul>
        
      </ul>
      <div
        class="Assertion-Placeholder"
      >
        <h3>
          No experts have posted any assertions. Waiting for results.
        </h3>
      </div>
    </div>
  </div>
</div>
`;
