// Jest Snapshot v1, https://goo.gl/fbAQLP

exports[`renders without crashing 1`] = `
<div
  class="OfferCreate"
>
  <div
    class="ModalPassword"
  >
    <div>
      
    </div>
  </div>
  <div
    class="OfferCreate-Content"
  >
    <form
      class="Offer-Values"
    >
      <div
        class="AnimatedInput"
      >
        <div>
          
        </div>
        <input
          class="AnimatedInput-Input"
          id="expert"
          type="text"
          value=""
        >
          
        </input>
      </div>
      <div
        class="AnimatedInput"
      >
        <div>
          
        </div>
        <input
          class="AnimatedInput-Input"
          id="reward"
          type="number"
          value=""
        >
          
        </input>
      </div>
      <div
        class="AnimatedInput"
      >
        <div>
          
        </div>
        <input
          class="AnimatedInput-Input"
          id="duration"
          type="number"
          value=""
        >
          
        </input>
      </div>
    </form>
    <div
      class="Offer-Create-Upload"
    >
      <button
        class="Button"
        disabled=""
      >
        Open Offer Channel
      </button>
    </div>
  </div>
</div>
`;
