// Jest Snapshot v1, https://goo.gl/fbAQLP

exports[`renders without crashing 1`] = `
<div
  class="OfferMessageList"
>
  <ul>
    <li>
      <div
        class="Card"
      >
        <header
          class="CardHeader"
        >
          <div
            class="CardHeader-Title"
          >
            Payment
            <p
              class="CardHeader-Sub"
            >
              .5 Nectar (NCT)
            </p>
          </div>
        </header>
      </div>
    </li>
    <li>
      <div
        class="Card"
      >
        <header
          class="CardHeader"
        >
          <div
            class="CardHeader-Title"
          >
            Payment
            <p
              class="CardHeader-Sub"
            >
              .0625 Nectar (NCT)
            </p>
          </div>
        </header>
      </div>
    </li>
    <li>
      <div
        class="Card"
      >
        <header
          class="CardHeader Assertion-Malignant"
        >
          <div
            class="CardHeader-Title"
          >
            Assertion
          </div>
        </header>
        <div
          class="CardContent"
        >
          <ul>
            <li
              class="StatRow"
            >
              <p
                class="StatTitle"
              >
                Metadata:
              </p>
              <p
                class="StatContent"
              >
                Worm
              </p>
            </li>
            <li
              class="StatRow"
            >
              <p
                class="StatTitle"
              >
                Malicious
              </p>
              <p
                class="StatContent"
              >
                Malicious
              </p>
            </li>
          </ul>
        </div>
      </div>
    </li>
    <li>
      <div
        class="Card"
      >
        <header
          class="CardHeader Assertion-Malignant"
        >
          <div
            class="CardHeader-Title"
          >
            Assertion
          </div>
        </header>
        <div
          class="CardContent"
        >
          <ul>
            <li
              class="StatRow"
            >
              <p
                class="StatTitle"
              >
                Metadata:
              </p>
              <p
                class="StatContent"
              >
                
              </p>
            </li>
            <li
              class="StatRow"
            >
              <p
                class="StatTitle"
              >
                Benign
              </p>
              <p
                class="StatContent"
              >
                Safe
              </p>
            </li>
            <li
              class="StatRow"
            >
              <p
                class="StatTitle"
              >
                Malicious
              </p>
              <p
                class="StatContent"
              >
                Malicious
              </p>
            </li>
          </ul>
        </div>
      </div>
    </li>
    <li>
      <div
        class="Card"
      >
        <header
          class="CardHeader"
        >
          <div
            class="CardHeader-Title"
          >
            Request
          </div>
        </header>
        <div
          class="CardContent"
        >
          <ul>
            <li
              class="StatRow"
            >
              <p
                class="StatTitle"
              >
                Files:
              </p>
              <p
                class="StatContent"
              >
                Malicious, Benign
              </p>
            </li>
          </ul>
        </div>
      </div>
    </li>
    <li>
      <div
        class="Card"
      >
        <header
          class="CardHeader"
        >
          <div
            class="CardHeader-Title"
          >
            Request
          </div>
        </header>
        <div
          class="CardContent"
        >
          <ul>
            <li
              class="StatRow"
            >
              <p
                class="StatTitle"
              >
                Files:
              </p>
              <p
                class="StatContent"
              >
                Malicious
              </p>
            </li>
          </ul>
        </div>
      </div>
    </li>
  </ul>
</div>
`;
